// Jest Snapshot v1, https://goo.gl/fbAQLP

exports[`#render renders correctly 1`] = `
<div
  className="container"
>
  <div
    className="table"
  />
</div>
`;
